Archive member included because of file (symbol)

c:/winavr-20100110/bin/../lib/gcc/avr/4.3.3/avr5\libgcc.a(_udivmodhi4.o)
                              CuposParqueadero.o (__udivmodhi4)
c:/winavr-20100110/bin/../lib/gcc/avr/4.3.3/avr5\libgcc.a(_exit.o)
                              c:/winavr-20100110/bin/../lib/gcc/avr/4.3.3/../../../../avr/lib/avr5/crtm644.o (exit)
c:/winavr-20100110/bin/../lib/gcc/avr/4.3.3/avr5\libgcc.a(_copy_data.o)
                              ControlParqueadero644.o (__do_copy_data)
c:/winavr-20100110/bin/../lib/gcc/avr/4.3.3/avr5\libgcc.a(_clear_bss.o)
                              ControlParqueadero644.o (__do_clear_bss)
c:/winavr-20100110/bin/../lib/gcc/avr/4.3.3/../../../../avr/lib/avr5\libc.a(eerd_byte_atmega644.o)
                              ControlParqueadero644.o (__eerd_byte_m644)
c:/winavr-20100110/bin/../lib/gcc/avr/4.3.3/../../../../avr/lib/avr5\libc.a(eerd_word_atmega644.o)
                              ControlParqueadero644.o (__eerd_word_m644)
c:/winavr-20100110/bin/../lib/gcc/avr/4.3.3/../../../../avr/lib/avr5\libc.a(eewr_byte_atmega644.o)
                              funciones.o (__eewr_byte_m644)
c:/winavr-20100110/bin/../lib/gcc/avr/4.3.3/../../../../avr/lib/avr5\libc.a(eewr_word_atmega644.o)
                              CuposParqueadero.o (__eewr_word_m644)
c:/winavr-20100110/bin/../lib/gcc/avr/4.3.3/../../../../avr/lib/avr5\libc.a(eerd_block_atmega644.o)
                              c:/winavr-20100110/bin/../lib/gcc/avr/4.3.3/../../../../avr/lib/avr5\libc.a(eerd_word_atmega644.o) (__eerd_blraw_m644)

Allocating common symbols
Common symbol       size              file

password            0xa               ControlParqueadero644.o
TWI_Buff            0x4               I2C.o
cuposDisponibles    0x2               CuposParqueadero.o
estadoMainProgram   0x1               ControlParqueadero644.o
totalCupos          0x2               CuposParqueadero.o
totalCuposArr       0x3               CuposParqueadero.o
TWI_BytesRecividos  0x1               I2C.o
cuposDisponiblesArr
                    0x3               CuposParqueadero.o
mascaraFunciones    0x1               ControlParqueadero644.o
cuposOcupados       0x2               CuposParqueadero.o

Memory Configuration

Name             Origin             Length             Attributes
text             0x00000000         0x00020000         xr
data             0x00800060         0x0000ffa0         rw !x
eeprom           0x00810000         0x00010000         rw !x
fuse             0x00820000         0x00000400         rw !x
lock             0x00830000         0x00000400         rw !x
signature        0x00840000         0x00000400         rw !x
*default*        0x00000000         0xffffffff

Linker script and memory map

Address of section .data set to 0x800100
LOAD c:/winavr-20100110/bin/../lib/gcc/avr/4.3.3/../../../../avr/lib/avr5/crtm644.o
LOAD lcd_HD44780_4.o
LOAD USART.o
LOAD SPI.o
LOAD SDCard.o
LOAD ControlParqueadero644.o
LOAD I2C.o
LOAD DS1307.o
LOAD funciones.o
LOAD CuposParqueadero.o
LOAD c:/winavr-20100110/bin/../lib/gcc/avr/4.3.3/avr5\libgcc.a
LOAD c:/winavr-20100110/bin/../lib/gcc/avr/4.3.3/../../../../avr/lib/avr5\libc.a
LOAD c:/winavr-20100110/bin/../lib/gcc/avr/4.3.3/avr5\libgcc.a

.hash
 *(.hash)

.dynsym
 *(.dynsym)

.dynstr
 *(.dynstr)

.gnu.version
 *(.gnu.version)

.gnu.version_d
 *(.gnu.version_d)

.gnu.version_r
 *(.gnu.version_r)

.rel.init
 *(.rel.init)

.rela.init
 *(.rela.init)

.rel.text
 *(.rel.text)
 *(.rel.text.*)
 *(.rel.gnu.linkonce.t*)

.rela.text
 *(.rela.text)
 *(.rela.text.*)
 *(.rela.gnu.linkonce.t*)

.rel.fini
 *(.rel.fini)

.rela.fini
 *(.rela.fini)

.rel.rodata
 *(.rel.rodata)
 *(.rel.rodata.*)
 *(.rel.gnu.linkonce.r*)

.rela.rodata
 *(.rela.rodata)
 *(.rela.rodata.*)
 *(.rela.gnu.linkonce.r*)

.rel.data
 *(.rel.data)
 *(.rel.data.*)
 *(.rel.gnu.linkonce.d*)

.rela.data
 *(.rela.data)
 *(.rela.data.*)
 *(.rela.gnu.linkonce.d*)

.rel.ctors
 *(.rel.ctors)

.rela.ctors
 *(.rela.ctors)

.rel.dtors
 *(.rel.dtors)

.rela.dtors
 *(.rela.dtors)

.rel.got
 *(.rel.got)

.rela.got
 *(.rela.got)

.rel.bss
 *(.rel.bss)

.rela.bss
 *(.rela.bss)

.rel.plt
 *(.rel.plt)

.rela.plt
 *(.rela.plt)

.text           0x00000000     0x229c
 *(.vectors)
 .vectors       0x00000000       0x70 c:/winavr-20100110/bin/../lib/gcc/avr/4.3.3/../../../../avr/lib/avr5/crtm644.o
                0x00000000                __vectors
                0x00000000                __vector_default
 *(.vectors)
 *(.progmem.gcc*)
 .progmem.gcc_sw_table
                0x00000070       0x26 funciones.o
 *(.progmem*)
                0x00000096                . = ALIGN (0x2)
                0x00000096                __trampolines_start = .
 *(.trampolines)
 .trampolines   0x00000096        0x0 linker stubs
 *(.trampolines*)
                0x00000096                __trampolines_end = .
 *(.jumptables)
 *(.jumptables*)
 *(.lowtext)
 *(.lowtext*)
                0x00000096                __ctors_start = .
 *(.ctors)
                0x00000096                __ctors_end = .
                0x00000096                __dtors_start = .
 *(.dtors)
                0x00000096                __dtors_end = .
 SORT(*)(.ctors)
 SORT(*)(.dtors)
 *(.init0)
 .init0         0x00000096        0x0 c:/winavr-20100110/bin/../lib/gcc/avr/4.3.3/../../../../avr/lib/avr5/crtm644.o
                0x00000096                __init
 *(.init0)
 *(.init1)
 *(.init1)
 *(.init2)
 .init2         0x00000096        0xc c:/winavr-20100110/bin/../lib/gcc/avr/4.3.3/../../../../avr/lib/avr5/crtm644.o
 *(.init2)
 *(.init3)
 *(.init3)
 *(.init4)
 .init4         0x000000a2       0x16 c:/winavr-20100110/bin/../lib/gcc/avr/4.3.3/avr5\libgcc.a(_copy_data.o)
                0x000000a2                __do_copy_data
 .init4         0x000000b8       0x10 c:/winavr-20100110/bin/../lib/gcc/avr/4.3.3/avr5\libgcc.a(_clear_bss.o)
                0x000000b8                __do_clear_bss
 *(.init4)
 *(.init5)
 *(.init5)
 *(.init6)
 *(.init6)
 *(.init7)
 *(.init7)
 *(.init8)
 *(.init8)
 *(.init9)
 .init9         0x000000c8        0x8 c:/winavr-20100110/bin/../lib/gcc/avr/4.3.3/../../../../avr/lib/avr5/crtm644.o
 *(.init9)
 *(.text)
 .text          0x000000d0        0x4 c:/winavr-20100110/bin/../lib/gcc/avr/4.3.3/../../../../avr/lib/avr5/crtm644.o
                0x000000d0                __vector_1
                0x000000d0                __vector_24
                0x000000d0                __vector_12
                0x000000d0                __bad_interrupt
                0x000000d0                __vector_6
                0x000000d0                __vector_3
                0x000000d0                __vector_23
                0x000000d0                __vector_25
                0x000000d0                __vector_11
                0x000000d0                __vector_13
                0x000000d0                __vector_17
                0x000000d0                __vector_19
                0x000000d0                __vector_7
                0x000000d0                __vector_27
                0x000000d0                __vector_5
                0x000000d0                __vector_4
                0x000000d0                __vector_9
                0x000000d0                __vector_2
                0x000000d0                __vector_21
                0x000000d0                __vector_15
                0x000000d0                __vector_8
                0x000000d0                __vector_14
                0x000000d0                __vector_10
                0x000000d0                __vector_16
 .text          0x000000d4      0x166 lcd_HD44780_4.o
                0x00000174                LCD_init
                0x0000020a                LCD_EnviarStrLen
                0x0000014a                LCD_recibirByte
                0x00000168                LCD_esperarListo
                0x000000fe                LCD_enviarByte
 .text          0x0000023a       0x9a USART.o
                0x00000294                USART0_Enviar
                0x0000027c                USART0_EnableRx
                0x00000270                USART0_DisableTx
                0x00000264                USART0_EnableTx
                0x0000023a                USART0_init
                0x000002a4                USART0_Recibir
                0x00000288                USART0_DisableRx
                0x000002b2                USART0_EnviarStrLen
 .text          0x000002d4       0x4e SPI.o
                0x0000030e                SPI_Enviar
                0x00000318                SPI_Recibir
                0x000002d4                SPI_init
 .text          0x00000322        0x0 SDCard.o
 .text          0x00000322      0x4ea ControlParqueadero644.o
                0x00000322                __vector_22
                0x0000066e                initHardware
                0x000004cc                vMainProgram
                0x0000061a                initVariables
                0x000006da                main
                0x00000346                vTeclado
                0x00000778                __vector_26
                0x00000336                initPollingTimer
                0x000006fc                __vector_18
                0x000007c0                __vector_20
 .text          0x0000080c      0x372 I2C.o
                0x00000ac8                I2C_AtenderInterrupcion
                0x0000080c                I2C_Init
                0x00000866                I2C_EscribirBytes
                0x0000096a                I2C_LeerBytes
                0x00000832                I2C_Enviar
 .text          0x00000b7e      0x380 DS1307.o
                0x00000e70                DS1307_Init
                0x00000b7e                DS1307_CambiarHora
                0x00000bd0                DS1307_CambiarFecha
                0x00000c0a                DS1307_ActualizarHora
                0x00000cd8                DS1307_ActualizarFecha
 .text          0x00000efe      0xfe6 funciones.o
                0x0000120e                adminConfiguraciones
                0x00001c7a                adminDatosParqueadero
                0x0000163a                adminFechaHora
                0x00000efe                validarContrasena
 .text          0x00001ee4      0x32a CuposParqueadero.o
                0x0000219c                CUPOS_EscribirInfoLCD
                0x000020c6                ingresarVehiculoEstudiante
                0x00002104                actualizarDisplayExterno
                0x00002168                cambiarTotalCupos
                0x00001ee4                actualizarInforArrays
                0x00001f8e                calcularTiempoEspera
                0x0000208e                retiroVehiculoEstudiante
 .text          0x0000220e        0x0 c:/winavr-20100110/bin/../lib/gcc/avr/4.3.3/avr5\libgcc.a(_udivmodhi4.o)
 .text          0x0000220e        0x0 c:/winavr-20100110/bin/../lib/gcc/avr/4.3.3/avr5\libgcc.a(_exit.o)
 .text          0x0000220e        0x0 c:/winavr-20100110/bin/../lib/gcc/avr/4.3.3/avr5\libgcc.a(_copy_data.o)
 .text          0x0000220e        0x0 c:/winavr-20100110/bin/../lib/gcc/avr/4.3.3/avr5\libgcc.a(_clear_bss.o)
 .text          0x0000220e        0x0 c:/winavr-20100110/bin/../lib/gcc/avr/4.3.3/../../../../avr/lib/avr5\libc.a(eerd_byte_atmega644.o)
 .text          0x0000220e        0x0 c:/winavr-20100110/bin/../lib/gcc/avr/4.3.3/../../../../avr/lib/avr5\libc.a(eerd_word_atmega644.o)
 .text          0x0000220e        0x0 c:/winavr-20100110/bin/../lib/gcc/avr/4.3.3/../../../../avr/lib/avr5\libc.a(eewr_byte_atmega644.o)
 .text          0x0000220e        0x0 c:/winavr-20100110/bin/../lib/gcc/avr/4.3.3/../../../../avr/lib/avr5\libc.a(eewr_word_atmega644.o)
 .text          0x0000220e        0x0 c:/winavr-20100110/bin/../lib/gcc/avr/4.3.3/../../../../avr/lib/avr5\libc.a(eerd_block_atmega644.o)
                0x0000220e                . = ALIGN (0x2)
 *(.text.*)
 .text.libgcc   0x0000220e       0x28 c:/winavr-20100110/bin/../lib/gcc/avr/4.3.3/avr5\libgcc.a(_udivmodhi4.o)
                0x0000220e                __udivmodhi4
 .text.libgcc   0x00002236        0x0 c:/winavr-20100110/bin/../lib/gcc/avr/4.3.3/avr5\libgcc.a(_exit.o)
 .text.libgcc   0x00002236        0x0 c:/winavr-20100110/bin/../lib/gcc/avr/4.3.3/avr5\libgcc.a(_copy_data.o)
 .text.libgcc   0x00002236        0x0 c:/winavr-20100110/bin/../lib/gcc/avr/4.3.3/avr5\libgcc.a(_clear_bss.o)
 .text.avr-libc
                0x00002236       0x10 c:/winavr-20100110/bin/../lib/gcc/avr/4.3.3/../../../../avr/lib/avr5\libc.a(eerd_byte_atmega644.o)
                0x00002236                __eerd_byte_m644
 .text.avr-libc
                0x00002246        0xc c:/winavr-20100110/bin/../lib/gcc/avr/4.3.3/../../../../avr/lib/avr5\libc.a(eerd_word_atmega644.o)
                0x00002246                __eerd_word_m644
 .text.avr-libc
                0x00002252       0x1c c:/winavr-20100110/bin/../lib/gcc/avr/4.3.3/../../../../avr/lib/avr5\libc.a(eewr_byte_atmega644.o)
                0x00002252                __eewr_byte_m644
                0x00002254                __eewr_r18_m644
 .text.avr-libc
                0x0000226e        0xa c:/winavr-20100110/bin/../lib/gcc/avr/4.3.3/../../../../avr/lib/avr5\libc.a(eewr_word_atmega644.o)
                0x0000226e                __eewr_word_m644
 .text.avr-libc
                0x00002278       0x20 c:/winavr-20100110/bin/../lib/gcc/avr/4.3.3/../../../../avr/lib/avr5\libc.a(eerd_block_atmega644.o)
                0x00002278                __eerd_block_m644
                0x0000227c                __eerd_blraw_m644
                0x00002298                . = ALIGN (0x2)
 *(.fini9)
 .fini9         0x00002298        0x0 c:/winavr-20100110/bin/../lib/gcc/avr/4.3.3/avr5\libgcc.a(_exit.o)
                0x00002298                exit
                0x00002298                _exit
 *(.fini9)
 *(.fini8)
 *(.fini8)
 *(.fini7)
 *(.fini7)
 *(.fini6)
 *(.fini6)
 *(.fini5)
 *(.fini5)
 *(.fini4)
 *(.fini4)
 *(.fini3)
 *(.fini3)
 *(.fini2)
 *(.fini2)
 *(.fini1)
 *(.fini1)
 *(.fini0)
 .fini0         0x00002298        0x4 c:/winavr-20100110/bin/../lib/gcc/avr/4.3.3/avr5\libgcc.a(_exit.o)
 *(.fini0)
                0x0000229c                _etext = .

.data           0x00800100      0x434 load address 0x0000229c
                0x00800100                PROVIDE (__data_start, .)
 *(.data)
 .data          0x00800100        0x0 c:/winavr-20100110/bin/../lib/gcc/avr/4.3.3/../../../../avr/lib/avr5/crtm644.o
 .data          0x00800100        0x0 lcd_HD44780_4.o
 .data          0x00800100        0x0 USART.o
 .data          0x00800100        0x0 SPI.o
 .data          0x00800100        0x0 SDCard.o
 .data          0x00800100       0x7a ControlParqueadero644.o
 .data          0x0080017a        0x0 I2C.o
 .data          0x0080017a       0x14 DS1307.o
                0x0080017a                DS1307_hora
                0x00800184                DS1307_fecha
 .data          0x0080018e      0x3a6 funciones.o
 .data          0x00800534        0x0 CuposParqueadero.o
 .data          0x00800534        0x0 c:/winavr-20100110/bin/../lib/gcc/avr/4.3.3/avr5\libgcc.a(_udivmodhi4.o)
 .data          0x00800534        0x0 c:/winavr-20100110/bin/../lib/gcc/avr/4.3.3/avr5\libgcc.a(_exit.o)
 .data          0x00800534        0x0 c:/winavr-20100110/bin/../lib/gcc/avr/4.3.3/avr5\libgcc.a(_copy_data.o)
 .data          0x00800534        0x0 c:/winavr-20100110/bin/../lib/gcc/avr/4.3.3/avr5\libgcc.a(_clear_bss.o)
 .data          0x00800534        0x0 c:/winavr-20100110/bin/../lib/gcc/avr/4.3.3/../../../../avr/lib/avr5\libc.a(eerd_byte_atmega644.o)
 .data          0x00800534        0x0 c:/winavr-20100110/bin/../lib/gcc/avr/4.3.3/../../../../avr/lib/avr5\libc.a(eerd_word_atmega644.o)
 .data          0x00800534        0x0 c:/winavr-20100110/bin/../lib/gcc/avr/4.3.3/../../../../avr/lib/avr5\libc.a(eewr_byte_atmega644.o)
 .data          0x00800534        0x0 c:/winavr-20100110/bin/../lib/gcc/avr/4.3.3/../../../../avr/lib/avr5\libc.a(eewr_word_atmega644.o)
 .data          0x00800534        0x0 c:/winavr-20100110/bin/../lib/gcc/avr/4.3.3/../../../../avr/lib/avr5\libc.a(eerd_block_atmega644.o)
 *(.data*)
 *(.rodata)
 *(.rodata*)
 *(.gnu.linkonce.d*)
                0x00800534                . = ALIGN (0x2)
                0x00800534                _edata = .
                0x00800534                PROVIDE (__data_end, .)

.bss            0x00800534       0x5c
                0x00800534                PROVIDE (__bss_start, .)
 *(.bss)
 .bss           0x00800534        0x0 c:/winavr-20100110/bin/../lib/gcc/avr/4.3.3/../../../../avr/lib/avr5/crtm644.o
 .bss           0x00800534        0x0 lcd_HD44780_4.o
 .bss           0x00800534        0x0 USART.o
 .bss           0x00800534        0x0 SPI.o
 .bss           0x00800534        0x0 SDCard.o
 .bss           0x00800534        0x5 ControlParqueadero644.o
                0x00800534                lecturaTeclado
                0x00800536                nuevaTecla
                0x00800535                teclaPresionada
 .bss           0x00800539        0x1 I2C.o
 .bss           0x0080053a        0x0 DS1307.o
 .bss           0x0080053a       0x36 funciones.o
 .bss           0x00800570        0x3 CuposParqueadero.o
                0x00800570                tiempoEspera
 .bss           0x00800573        0x0 c:/winavr-20100110/bin/../lib/gcc/avr/4.3.3/avr5\libgcc.a(_udivmodhi4.o)
 .bss           0x00800573        0x0 c:/winavr-20100110/bin/../lib/gcc/avr/4.3.3/avr5\libgcc.a(_exit.o)
 .bss           0x00800573        0x0 c:/winavr-20100110/bin/../lib/gcc/avr/4.3.3/avr5\libgcc.a(_copy_data.o)
 .bss           0x00800573        0x0 c:/winavr-20100110/bin/../lib/gcc/avr/4.3.3/avr5\libgcc.a(_clear_bss.o)
 .bss           0x00800573        0x0 c:/winavr-20100110/bin/../lib/gcc/avr/4.3.3/../../../../avr/lib/avr5\libc.a(eerd_byte_atmega644.o)
 .bss           0x00800573        0x0 c:/winavr-20100110/bin/../lib/gcc/avr/4.3.3/../../../../avr/lib/avr5\libc.a(eerd_word_atmega644.o)
 .bss           0x00800573        0x0 c:/winavr-20100110/bin/../lib/gcc/avr/4.3.3/../../../../avr/lib/avr5\libc.a(eewr_byte_atmega644.o)
 .bss           0x00800573        0x0 c:/winavr-20100110/bin/../lib/gcc/avr/4.3.3/../../../../avr/lib/avr5\libc.a(eewr_word_atmega644.o)
 .bss           0x00800573        0x0 c:/winavr-20100110/bin/../lib/gcc/avr/4.3.3/../../../../avr/lib/avr5\libc.a(eerd_block_atmega644.o)
 *(.bss*)
 *(COMMON)
 COMMON         0x00800573        0xc ControlParqueadero644.o
                0x00800573                password
                0x0080057d                estadoMainProgram
                0x0080057e                mascaraFunciones
 COMMON         0x0080057f        0x5 I2C.o
                0x0080057f                TWI_Buff
                0x00800583                TWI_BytesRecividos
 COMMON         0x00800584        0xc CuposParqueadero.o
                0x00800584                cuposDisponibles
                0x00800586                totalCupos
                0x00800588                totalCuposArr
                0x0080058b                cuposDisponiblesArr
                0x0080058e                cuposOcupados
                0x00800590                PROVIDE (__bss_end, .)
                0x0000229c                __data_load_start = LOADADDR (.data)
                0x000026d0                __data_load_end = (__data_load_start + SIZEOF (.data))

.noinit         0x00800590        0x0
                0x00800590                PROVIDE (__noinit_start, .)
 *(.noinit*)
                0x00800590                PROVIDE (__noinit_end, .)
                0x00800590                _end = .
                0x00800590                PROVIDE (__heap_start, .)

.eeprom         0x00810000        0xc
 *(.eeprom*)
 .eeprom        0x00810000        0xa ControlParqueadero644.o
                0x00810000                passwordROM
 .eeprom        0x0081000a        0x2 CuposParqueadero.o
                0x0081000a                totalCuposROM
                0x0081000c                __eeprom_end = .

.fuse
 *(.fuse)
 *(.lfuse)
 *(.hfuse)
 *(.efuse)

.lock
 *(.lock*)

.signature
 *(.signature*)

.stab
 *(.stab)

.stabstr
 *(.stabstr)

.stab.excl
 *(.stab.excl)

.stab.exclstr
 *(.stab.exclstr)

.stab.index
 *(.stab.index)

.stab.indexstr
 *(.stab.indexstr)

.comment
 *(.comment)

.debug
 *(.debug)

.line
 *(.line)

.debug_srcinfo
 *(.debug_srcinfo)

.debug_sfnames
 *(.debug_sfnames)

.debug_aranges  0x00000000      0x100
 *(.debug_aranges)
 .debug_aranges
                0x00000000       0x20 lcd_HD44780_4.o
 .debug_aranges
                0x00000020       0x20 USART.o
 .debug_aranges
                0x00000040       0x20 SPI.o
 .debug_aranges
                0x00000060       0x20 ControlParqueadero644.o
 .debug_aranges
                0x00000080       0x20 I2C.o
 .debug_aranges
                0x000000a0       0x20 DS1307.o
 .debug_aranges
                0x000000c0       0x20 funciones.o
 .debug_aranges
                0x000000e0       0x20 CuposParqueadero.o

.debug_pubnames
                0x00000000      0x58a
 *(.debug_pubnames)
 .debug_pubnames
                0x00000000       0x70 lcd_HD44780_4.o
 .debug_pubnames
                0x00000070       0xb1 USART.o
 .debug_pubnames
                0x00000121       0x3e SPI.o
 .debug_pubnames
                0x0000015f      0x12f ControlParqueadero644.o
 .debug_pubnames
                0x0000028e       0x96 I2C.o
 .debug_pubnames
                0x00000324       0xa7 DS1307.o
 .debug_pubnames
                0x000003cb       0x6e funciones.o
 .debug_pubnames
                0x00000439      0x151 CuposParqueadero.o

.debug_info     0x00000000     0x162e
 *(.debug_info)
 .debug_info    0x00000000      0x432 lcd_HD44780_4.o
 .debug_info    0x00000432      0x16c USART.o
 .debug_info    0x0000059e       0xba SPI.o
 .debug_info    0x00000658       0x5e SDCard.o
 .debug_info    0x000006b6      0x32e ControlParqueadero644.o
 .debug_info    0x000009e4      0x44e I2C.o
 .debug_info    0x00000e32      0x247 DS1307.o
 .debug_info    0x00001079      0x3da funciones.o
 .debug_info    0x00001453      0x1db CuposParqueadero.o
 *(.gnu.linkonce.wi.*)

.debug_abbrev   0x00000000      0x984
 *(.debug_abbrev)
 .debug_abbrev  0x00000000      0x19c lcd_HD44780_4.o
 .debug_abbrev  0x0000019c       0xda USART.o
 .debug_abbrev  0x00000276       0x87 SPI.o
 .debug_abbrev  0x000002fd       0x2a SDCard.o
 .debug_abbrev  0x00000327      0x18c ControlParqueadero644.o
 .debug_abbrev  0x000004b3      0x1f1 I2C.o
 .debug_abbrev  0x000006a4       0xcd DS1307.o
 .debug_abbrev  0x00000771      0x124 funciones.o
 .debug_abbrev  0x00000895       0xef CuposParqueadero.o

.debug_line     0x00000000     0x2168
 *(.debug_line)
 .debug_line    0x00000000      0x30f lcd_HD44780_4.o
 .debug_line    0x0000030f      0x1b2 USART.o
 .debug_line    0x000004c1      0x144 SPI.o
 .debug_line    0x00000605       0x3e SDCard.o
 .debug_line    0x00000643      0x567 ControlParqueadero644.o
 .debug_line    0x00000baa      0x4d7 I2C.o
 .debug_line    0x00001081      0x319 DS1307.o
 .debug_line    0x0000139a      0xa54 funciones.o
 .debug_line    0x00001dee      0x37a CuposParqueadero.o

.debug_frame    0x00000000      0x390
 *(.debug_frame)
 .debug_frame   0x00000000       0x80 lcd_HD44780_4.o
 .debug_frame   0x00000080       0x90 USART.o
 .debug_frame   0x00000110       0x40 SPI.o
 .debug_frame   0x00000150       0xb0 ControlParqueadero644.o
 .debug_frame   0x00000200       0x60 I2C.o
 .debug_frame   0x00000260       0x60 DS1307.o
 .debug_frame   0x000002c0       0x50 funciones.o
 .debug_frame   0x00000310       0x80 CuposParqueadero.o

.debug_str      0x00000000      0x711
 *(.debug_str)
 .debug_str     0x00000000      0x1ab lcd_HD44780_4.o
                                0x1e4 (size before relaxing)
 .debug_str     0x000001ab       0x93 USART.o
                                0x170 (size before relaxing)
 .debug_str     0x0000023e       0x32 SPI.o
                                0x10a (size before relaxing)
 .debug_str     0x00000270       0x15 SDCard.o
                                 0xe0 (size before relaxing)
 .debug_str     0x00000285      0x153 ControlParqueadero644.o
                                0x273 (size before relaxing)
 .debug_str     0x000003d8       0xec I2C.o
                                0x21f (size before relaxing)
 .debug_str     0x000004c4       0x89 DS1307.o
                                0x199 (size before relaxing)
 .debug_str     0x0000054d       0xd6 funciones.o
                                0x20f (size before relaxing)
 .debug_str     0x00000623       0xee CuposParqueadero.o
                                0x210 (size before relaxing)

.debug_loc      0x00000000      0x646
 *(.debug_loc)
 .debug_loc     0x00000000      0x181 lcd_HD44780_4.o
 .debug_loc     0x00000181       0x6e USART.o
 .debug_loc     0x000001ef       0x30 ControlParqueadero644.o
 .debug_loc     0x0000021f      0x248 I2C.o
 .debug_loc     0x00000467       0xb9 DS1307.o
 .debug_loc     0x00000520       0xc6 funciones.o
 .debug_loc     0x000005e6       0x60 CuposParqueadero.o

.debug_macinfo
 *(.debug_macinfo)
OUTPUT(ControlParqueadero644.elf elf32-avr)
LOAD linker stubs

.debug_ranges   0x00000000       0x18
 .debug_ranges  0x00000000       0x18 USART.o
