Archive member included because of file (symbol)

c:/winavr-20100110/bin/../lib/gcc/avr/4.3.3/avr5\libgcc.a(_exit.o)
                              c:/winavr-20100110/bin/../lib/gcc/avr/4.3.3/../../../../avr/lib/avr5/crtm644.o (exit)
c:/winavr-20100110/bin/../lib/gcc/avr/4.3.3/avr5\libgcc.a(_copy_data.o)
                              DS1307.o (__do_copy_data)
c:/winavr-20100110/bin/../lib/gcc/avr/4.3.3/avr5\libgcc.a(_clear_bss.o)
                              DS1307.o (__do_clear_bss)

Allocating common symbols
Common symbol       size              file

hora                0xa               DS1307.o
fecha               0xa               DS1307.o

Memory Configuration

Name             Origin             Length             Attributes
text             0x00000000         0x00020000         xr
data             0x00800060         0x0000ffa0         rw !x
eeprom           0x00810000         0x00010000         rw !x
fuse             0x00820000         0x00000400         rw !x
lock             0x00830000         0x00000400         rw !x
signature        0x00840000         0x00000400         rw !x
*default*        0x00000000         0xffffffff

Linker script and memory map

Address of section .data set to 0x800100
LOAD c:/winavr-20100110/bin/../lib/gcc/avr/4.3.3/../../../../avr/lib/avr5/crtm644.o
LOAD lcd_HD44780_4.o
LOAD USART.o
LOAD SPI.o
LOAD SDCard.o
LOAD ControlParqueadero644.o
LOAD I2C.o
LOAD DS1307.o
LOAD c:/winavr-20100110/bin/../lib/gcc/avr/4.3.3/avr5\libgcc.a
LOAD c:/winavr-20100110/bin/../lib/gcc/avr/4.3.3/../../../../avr/lib/avr5\libc.a
LOAD c:/winavr-20100110/bin/../lib/gcc/avr/4.3.3/avr5\libgcc.a

.hash
 *(.hash)

.dynsym
 *(.dynsym)

.dynstr
 *(.dynstr)

.gnu.version
 *(.gnu.version)

.gnu.version_d
 *(.gnu.version_d)

.gnu.version_r
 *(.gnu.version_r)

.rel.init
 *(.rel.init)

.rela.init
 *(.rela.init)

.rel.text
 *(.rel.text)
 *(.rel.text.*)
 *(.rel.gnu.linkonce.t*)

.rela.text
 *(.rela.text)
 *(.rela.text.*)
 *(.rela.gnu.linkonce.t*)

.rel.fini
 *(.rel.fini)

.rela.fini
 *(.rela.fini)

.rel.rodata
 *(.rel.rodata)
 *(.rel.rodata.*)
 *(.rel.gnu.linkonce.r*)

.rela.rodata
 *(.rela.rodata)
 *(.rela.rodata.*)
 *(.rela.gnu.linkonce.r*)

.rel.data
 *(.rel.data)
 *(.rel.data.*)
 *(.rel.gnu.linkonce.d*)

.rela.data
 *(.rela.data)
 *(.rela.data.*)
 *(.rela.gnu.linkonce.d*)

.rel.ctors
 *(.rel.ctors)

.rela.ctors
 *(.rela.ctors)

.rel.dtors
 *(.rel.dtors)

.rela.dtors
 *(.rela.dtors)

.rel.got
 *(.rel.got)

.rela.got
 *(.rela.got)

.rel.bss
 *(.rel.bss)

.rela.bss
 *(.rela.bss)

.rel.plt
 *(.rel.plt)

.rela.plt
 *(.rela.plt)

.text           0x00000000      0x954
 *(.vectors)
 .vectors       0x00000000       0x70 c:/winavr-20100110/bin/../lib/gcc/avr/4.3.3/../../../../avr/lib/avr5/crtm644.o
                0x00000000                __vectors
                0x00000000                __vector_default
 *(.vectors)
 *(.progmem.gcc*)
 *(.progmem*)
                0x00000070                . = ALIGN (0x2)
                0x00000070                __trampolines_start = .
 *(.trampolines)
 .trampolines   0x00000070        0x0 linker stubs
 *(.trampolines*)
                0x00000070                __trampolines_end = .
 *(.jumptables)
 *(.jumptables*)
 *(.lowtext)
 *(.lowtext*)
                0x00000070                __ctors_start = .
 *(.ctors)
                0x00000070                __ctors_end = .
                0x00000070                __dtors_start = .
 *(.dtors)
                0x00000070                __dtors_end = .
 SORT(*)(.ctors)
 SORT(*)(.dtors)
 *(.init0)
 .init0         0x00000070        0x0 c:/winavr-20100110/bin/../lib/gcc/avr/4.3.3/../../../../avr/lib/avr5/crtm644.o
                0x00000070                __init
 *(.init0)
 *(.init1)
 *(.init1)
 *(.init2)
 .init2         0x00000070        0xc c:/winavr-20100110/bin/../lib/gcc/avr/4.3.3/../../../../avr/lib/avr5/crtm644.o
 *(.init2)
 *(.init3)
 *(.init3)
 *(.init4)
 .init4         0x0000007c       0x16 c:/winavr-20100110/bin/../lib/gcc/avr/4.3.3/avr5\libgcc.a(_copy_data.o)
                0x0000007c                __do_copy_data
 .init4         0x00000092       0x10 c:/winavr-20100110/bin/../lib/gcc/avr/4.3.3/avr5\libgcc.a(_clear_bss.o)
                0x00000092                __do_clear_bss
 *(.init4)
 *(.init5)
 *(.init5)
 *(.init6)
 *(.init6)
 *(.init7)
 *(.init7)
 *(.init8)
 *(.init8)
 *(.init9)
 .init9         0x000000a2        0x8 c:/winavr-20100110/bin/../lib/gcc/avr/4.3.3/../../../../avr/lib/avr5/crtm644.o
 *(.init9)
 *(.text)
 .text          0x000000aa        0x4 c:/winavr-20100110/bin/../lib/gcc/avr/4.3.3/../../../../avr/lib/avr5/crtm644.o
                0x000000aa                __vector_1
                0x000000aa                __vector_24
                0x000000aa                __vector_12
                0x000000aa                __bad_interrupt
                0x000000aa                __vector_6
                0x000000aa                __vector_3
                0x000000aa                __vector_23
                0x000000aa                __vector_25
                0x000000aa                __vector_11
                0x000000aa                __vector_13
                0x000000aa                __vector_17
                0x000000aa                __vector_19
                0x000000aa                __vector_7
                0x000000aa                __vector_27
                0x000000aa                __vector_5
                0x000000aa                __vector_4
                0x000000aa                __vector_9
                0x000000aa                __vector_2
                0x000000aa                __vector_21
                0x000000aa                __vector_15
                0x000000aa                __vector_8
                0x000000aa                __vector_14
                0x000000aa                __vector_10
                0x000000aa                __vector_16
                0x000000aa                __vector_18
 .text          0x000000ae      0x136 lcd_HD44780_4.o
                0x0000014e                LCD_init
                0x00000124                LCD_recibirByte
                0x00000142                LCD_esperarListo
                0x000000d8                LCD_enviarByte
 .text          0x000001e4       0x9a USART.o
                0x0000023e                USART0_Enviar
                0x00000226                USART0_EnableRx
                0x0000021a                USART0_DisableTx
                0x0000020e                USART0_EnableTx
                0x000001e4                USART0_init
                0x0000024e                USART0_Recibir
                0x00000232                USART0_DisableRx
                0x0000025c                USART0_EnviarStrLen
 .text          0x0000027e       0x4e SPI.o
                0x000002b8                SPI_Enviar
                0x000002c2                SPI_Recibir
                0x0000027e                SPI_init
 .text          0x000002cc        0x0 SDCard.o
 .text          0x000002cc      0x1be ControlParqueadero644.o
                0x000002cc                __vector_22
                0x000002e0                initHardware
                0x00000302                main
                0x000003c4                __vector_26
                0x0000042c                __vector_20
 .text          0x0000048a      0x2b6 I2C.o
                0x0000048a                I2C_Init
                0x000004de                I2C_EscribirBytes
                0x000005e2                I2C_LeerBytes
                0x000004aa                I2C_Enviar
 .text          0x00000740      0x210 DS1307.o
                0x00000740                DS1307_Init
 .text          0x00000950        0x0 c:/winavr-20100110/bin/../lib/gcc/avr/4.3.3/avr5\libgcc.a(_exit.o)
 .text          0x00000950        0x0 c:/winavr-20100110/bin/../lib/gcc/avr/4.3.3/avr5\libgcc.a(_copy_data.o)
 .text          0x00000950        0x0 c:/winavr-20100110/bin/../lib/gcc/avr/4.3.3/avr5\libgcc.a(_clear_bss.o)
                0x00000950                . = ALIGN (0x2)
 *(.text.*)
 .text.libgcc   0x00000950        0x0 c:/winavr-20100110/bin/../lib/gcc/avr/4.3.3/avr5\libgcc.a(_exit.o)
 .text.libgcc   0x00000950        0x0 c:/winavr-20100110/bin/../lib/gcc/avr/4.3.3/avr5\libgcc.a(_copy_data.o)
 .text.libgcc   0x00000950        0x0 c:/winavr-20100110/bin/../lib/gcc/avr/4.3.3/avr5\libgcc.a(_clear_bss.o)
                0x00000950                . = ALIGN (0x2)
 *(.fini9)
 .fini9         0x00000950        0x0 c:/winavr-20100110/bin/../lib/gcc/avr/4.3.3/avr5\libgcc.a(_exit.o)
                0x00000950                exit
                0x00000950                _exit
 *(.fini9)
 *(.fini8)
 *(.fini8)
 *(.fini7)
 *(.fini7)
 *(.fini6)
 *(.fini6)
 *(.fini5)
 *(.fini5)
 *(.fini4)
 *(.fini4)
 *(.fini3)
 *(.fini3)
 *(.fini2)
 *(.fini2)
 *(.fini1)
 *(.fini1)
 *(.fini0)
 .fini0         0x00000950        0x4 c:/winavr-20100110/bin/../lib/gcc/avr/4.3.3/avr5\libgcc.a(_exit.o)
 *(.fini0)
                0x00000954                _etext = .

.data           0x00800100       0x44 load address 0x00000954
                0x00800100                PROVIDE (__data_start, .)
 *(.data)
 .data          0x00800100        0x0 c:/winavr-20100110/bin/../lib/gcc/avr/4.3.3/../../../../avr/lib/avr5/crtm644.o
 .data          0x00800100        0x0 lcd_HD44780_4.o
 .data          0x00800100        0x0 USART.o
 .data          0x00800100        0x0 SPI.o
 .data          0x00800100        0x0 SDCard.o
 .data          0x00800100        0x0 ControlParqueadero644.o
 .data          0x00800100        0x0 I2C.o
 .data          0x00800100       0x43 DS1307.o
 .data          0x00800143        0x0 c:/winavr-20100110/bin/../lib/gcc/avr/4.3.3/avr5\libgcc.a(_exit.o)
 .data          0x00800143        0x0 c:/winavr-20100110/bin/../lib/gcc/avr/4.3.3/avr5\libgcc.a(_copy_data.o)
 .data          0x00800143        0x0 c:/winavr-20100110/bin/../lib/gcc/avr/4.3.3/avr5\libgcc.a(_clear_bss.o)
 *(.data*)
 *(.rodata)
 *(.rodata*)
 *(.gnu.linkonce.d*)
                0x00800144                . = ALIGN (0x2)
 *fill*         0x00800143        0x1 00
                0x00800144                _edata = .
                0x00800144                PROVIDE (__data_end, .)

.bss            0x00800144       0x14
                0x00800144                PROVIDE (__bss_start, .)
 *(.bss)
 .bss           0x00800144        0x0 c:/winavr-20100110/bin/../lib/gcc/avr/4.3.3/../../../../avr/lib/avr5/crtm644.o
 .bss           0x00800144        0x0 lcd_HD44780_4.o
 .bss           0x00800144        0x0 USART.o
 .bss           0x00800144        0x0 SPI.o
 .bss           0x00800144        0x0 SDCard.o
 .bss           0x00800144        0x0 ControlParqueadero644.o
 .bss           0x00800144        0x0 I2C.o
 .bss           0x00800144        0x0 DS1307.o
 .bss           0x00800144        0x0 c:/winavr-20100110/bin/../lib/gcc/avr/4.3.3/avr5\libgcc.a(_exit.o)
 .bss           0x00800144        0x0 c:/winavr-20100110/bin/../lib/gcc/avr/4.3.3/avr5\libgcc.a(_copy_data.o)
 .bss           0x00800144        0x0 c:/winavr-20100110/bin/../lib/gcc/avr/4.3.3/avr5\libgcc.a(_clear_bss.o)
 *(.bss*)
 *(COMMON)
 COMMON         0x00800144       0x14 DS1307.o
                0x00800144                hora
                0x0080014e                fecha
                0x00800158                PROVIDE (__bss_end, .)
                0x00000954                __data_load_start = LOADADDR (.data)
                0x00000998                __data_load_end = (__data_load_start + SIZEOF (.data))

.noinit         0x00800158        0x0
                0x00800158                PROVIDE (__noinit_start, .)
 *(.noinit*)
                0x00800158                PROVIDE (__noinit_end, .)
                0x00800158                _end = .
                0x00800158                PROVIDE (__heap_start, .)

.eeprom         0x00810000        0x0
 *(.eeprom*)
                0x00810000                __eeprom_end = .

.fuse
 *(.fuse)
 *(.lfuse)
 *(.hfuse)
 *(.efuse)

.lock
 *(.lock*)

.signature
 *(.signature*)

.stab
 *(.stab)

.stabstr
 *(.stabstr)

.stab.excl
 *(.stab.excl)

.stab.exclstr
 *(.stab.exclstr)

.stab.index
 *(.stab.index)

.stab.indexstr
 *(.stab.indexstr)

.comment
 *(.comment)

.debug
 *(.debug)

.line
 *(.line)

.debug_srcinfo
 *(.debug_srcinfo)

.debug_sfnames
 *(.debug_sfnames)

.debug_aranges  0x00000000       0xc0
 *(.debug_aranges)
 .debug_aranges
                0x00000000       0x20 lcd_HD44780_4.o
 .debug_aranges
                0x00000020       0x20 USART.o
 .debug_aranges
                0x00000040       0x20 SPI.o
 .debug_aranges
                0x00000060       0x20 ControlParqueadero644.o
 .debug_aranges
                0x00000080       0x20 I2C.o
 .debug_aranges
                0x000000a0       0x20 DS1307.o

.debug_pubnames
                0x00000000      0x231
 *(.debug_pubnames)
 .debug_pubnames
                0x00000000       0x5b lcd_HD44780_4.o
 .debug_pubnames
                0x0000005b       0xb1 USART.o
 .debug_pubnames
                0x0000010c       0x3e SPI.o
 .debug_pubnames
                0x0000014a       0x5c ControlParqueadero644.o
 .debug_pubnames
                0x000001a6       0x56 I2C.o
 .debug_pubnames
                0x000001fc       0x35 DS1307.o

.debug_info     0x00000000     0x12b6
 *(.debug_info)
 .debug_info    0x00000000      0x3e7 lcd_HD44780_4.o
 .debug_info    0x000003e7      0x165 USART.o
 .debug_info    0x0000054c       0xba SPI.o
 .debug_info    0x00000606       0x5e SDCard.o
 .debug_info    0x00000664      0x46c ControlParqueadero644.o
 .debug_info    0x00000ad0      0x3c3 I2C.o
 .debug_info    0x00000e93      0x423 DS1307.o
 *(.gnu.linkonce.wi.*)

.debug_abbrev   0x00000000      0x716
 *(.debug_abbrev)
 .debug_abbrev  0x00000000      0x182 lcd_HD44780_4.o
 .debug_abbrev  0x00000182       0xda USART.o
 .debug_abbrev  0x0000025c       0x87 SPI.o
 .debug_abbrev  0x000002e3       0x2a SDCard.o
 .debug_abbrev  0x0000030d      0x14a ControlParqueadero644.o
 .debug_abbrev  0x00000457      0x19a I2C.o
 .debug_abbrev  0x000005f1      0x125 DS1307.o

.debug_line     0x00000000     0x106f
 *(.debug_line)
 .debug_line    0x00000000      0x2e7 lcd_HD44780_4.o
 .debug_line    0x000002e7      0x1b2 USART.o
 .debug_line    0x00000499      0x144 SPI.o
 .debug_line    0x000005dd       0x3e SDCard.o
 .debug_line    0x0000061b      0x31f ControlParqueadero644.o
 .debug_line    0x0000093a      0x434 I2C.o
 .debug_line    0x00000d6e      0x301 DS1307.o

.debug_frame    0x00000000      0x210
 *(.debug_frame)
 .debug_frame   0x00000000       0x70 lcd_HD44780_4.o
 .debug_frame   0x00000070       0x90 USART.o
 .debug_frame   0x00000100       0x40 SPI.o
 .debug_frame   0x00000140       0x60 ControlParqueadero644.o
 .debug_frame   0x000001a0       0x50 I2C.o
 .debug_frame   0x000001f0       0x20 DS1307.o

.debug_str      0x00000000      0x3b3
 *(.debug_str)
 .debug_str     0x00000000      0x196 lcd_HD44780_4.o
                                0x1ca (size before relaxing)
 .debug_str     0x00000196       0x93 USART.o
                                0x167 (size before relaxing)
 .debug_str     0x00000229       0x32 SPI.o
                                0x106 (size before relaxing)
 .debug_str     0x0000025b       0x15 SDCard.o
                                 0xdc (size before relaxing)
 .debug_str     0x00000270       0x51 ControlParqueadero644.o
                                0x16d (size before relaxing)
 .debug_str     0x000002c1       0xad I2C.o
                                0x1dc (size before relaxing)
 .debug_str     0x0000036e       0x45 DS1307.o
                                0x15d (size before relaxing)

.debug_loc      0x00000000      0x7e2
 *(.debug_loc)
 .debug_loc     0x00000000      0x111 lcd_HD44780_4.o
 .debug_loc     0x00000111       0x6e USART.o
 .debug_loc     0x0000017f      0x22b ControlParqueadero644.o
 .debug_loc     0x000003aa      0x248 I2C.o
 .debug_loc     0x000005f2      0x1f0 DS1307.o

.debug_macinfo
 *(.debug_macinfo)
OUTPUT(ControlParqueadero644.elf elf32-avr)
LOAD linker stubs

.debug_ranges   0x00000000       0xa8
 .debug_ranges  0x00000000       0x18 USART.o
 .debug_ranges  0x00000018       0x48 ControlParqueadero644.o
 .debug_ranges  0x00000060       0x48 DS1307.o
