Archive member included because of file (symbol)

c:/winavr-20100110/bin/../lib/gcc/avr/4.3.3/avr5\libgcc.a(_exit.o)
                              c:/winavr-20100110/bin/../lib/gcc/avr/4.3.3/../../../../avr/lib/avr5/crtm168.o (exit)
c:/winavr-20100110/bin/../lib/gcc/avr/4.3.3/avr5\libgcc.a(_clear_bss.o)
                              I2C.o (__do_clear_bss)

Memory Configuration

Name             Origin             Length             Attributes
text             0x00000000         0x00020000         xr
data             0x00800060         0x0000ffa0         rw !x
eeprom           0x00810000         0x00010000         rw !x
fuse             0x00820000         0x00000400         rw !x
lock             0x00830000         0x00000400         rw !x
signature        0x00840000         0x00000400         rw !x
*default*        0x00000000         0xffffffff

Linker script and memory map

Address of section .data set to 0x800100
LOAD c:/winavr-20100110/bin/../lib/gcc/avr/4.3.3/../../../../avr/lib/avr5/crtm168.o
LOAD ControlParqueadero168.o
LOAD I2C.o
LOAD SDCard.o
LOAD SPI.o
LOAD USART.o
LOAD c:/winavr-20100110/bin/../lib/gcc/avr/4.3.3/avr5\libgcc.a
LOAD c:/winavr-20100110/bin/../lib/gcc/avr/4.3.3/../../../../avr/lib/avr5\libc.a
LOAD c:/winavr-20100110/bin/../lib/gcc/avr/4.3.3/avr5\libgcc.a

.hash
 *(.hash)

.dynsym
 *(.dynsym)

.dynstr
 *(.dynstr)

.gnu.version
 *(.gnu.version)

.gnu.version_d
 *(.gnu.version_d)

.gnu.version_r
 *(.gnu.version_r)

.rel.init
 *(.rel.init)

.rela.init
 *(.rela.init)

.rel.text
 *(.rel.text)
 *(.rel.text.*)
 *(.rel.gnu.linkonce.t*)

.rela.text
 *(.rela.text)
 *(.rela.text.*)
 *(.rela.gnu.linkonce.t*)

.rel.fini
 *(.rel.fini)

.rela.fini
 *(.rela.fini)

.rel.rodata
 *(.rel.rodata)
 *(.rel.rodata.*)
 *(.rel.gnu.linkonce.r*)

.rela.rodata
 *(.rela.rodata)
 *(.rela.rodata.*)
 *(.rela.gnu.linkonce.r*)

.rel.data
 *(.rel.data)
 *(.rel.data.*)
 *(.rel.gnu.linkonce.d*)

.rela.data
 *(.rela.data)
 *(.rela.data.*)
 *(.rela.gnu.linkonce.d*)

.rel.ctors
 *(.rel.ctors)

.rela.ctors
 *(.rela.ctors)

.rel.dtors
 *(.rel.dtors)

.rela.dtors
 *(.rela.dtors)

.rel.got
 *(.rel.got)

.rela.got
 *(.rela.got)

.rel.bss
 *(.rel.bss)

.rela.bss
 *(.rela.bss)

.rel.plt
 *(.rel.plt)

.rela.plt
 *(.rela.plt)

.text           0x00000000      0x554
 *(.vectors)
 .vectors       0x00000000       0x68 c:/winavr-20100110/bin/../lib/gcc/avr/4.3.3/../../../../avr/lib/avr5/crtm168.o
                0x00000000                __vectors
                0x00000000                __vector_default
 *(.vectors)
 *(.progmem.gcc*)
 *(.progmem*)
                0x00000068                . = ALIGN (0x2)
                0x00000068                __trampolines_start = .
 *(.trampolines)
 .trampolines   0x00000068        0x0 linker stubs
 *(.trampolines*)
                0x00000068                __trampolines_end = .
 *(.jumptables)
 *(.jumptables*)
 *(.lowtext)
 *(.lowtext*)
                0x00000068                __ctors_start = .
 *(.ctors)
                0x00000068                __ctors_end = .
                0x00000068                __dtors_start = .
 *(.dtors)
                0x00000068                __dtors_end = .
 SORT(*)(.ctors)
 SORT(*)(.dtors)
 *(.init0)
 .init0         0x00000068        0x0 c:/winavr-20100110/bin/../lib/gcc/avr/4.3.3/../../../../avr/lib/avr5/crtm168.o
                0x00000068                __init
 *(.init0)
 *(.init1)
 *(.init1)
 *(.init2)
 .init2         0x00000068        0xc c:/winavr-20100110/bin/../lib/gcc/avr/4.3.3/../../../../avr/lib/avr5/crtm168.o
 *(.init2)
 *(.init3)
 *(.init3)
 *(.init4)
 .init4         0x00000074       0x10 c:/winavr-20100110/bin/../lib/gcc/avr/4.3.3/avr5\libgcc.a(_clear_bss.o)
                0x00000074                __do_clear_bss
 *(.init4)
 *(.init5)
 *(.init5)
 *(.init6)
 *(.init6)
 *(.init7)
 *(.init7)
 *(.init8)
 *(.init8)
 *(.init9)
 .init9         0x00000084        0x8 c:/winavr-20100110/bin/../lib/gcc/avr/4.3.3/../../../../avr/lib/avr5/crtm168.o
 *(.init9)
 *(.text)
 .text          0x0000008c        0x4 c:/winavr-20100110/bin/../lib/gcc/avr/4.3.3/../../../../avr/lib/avr5/crtm168.o
                0x0000008c                __vector_22
                0x0000008c                __vector_1
                0x0000008c                __vector_24
                0x0000008c                __vector_12
                0x0000008c                __bad_interrupt
                0x0000008c                __vector_6
                0x0000008c                __vector_3
                0x0000008c                __vector_23
                0x0000008c                __vector_25
                0x0000008c                __vector_11
                0x0000008c                __vector_13
                0x0000008c                __vector_17
                0x0000008c                __vector_19
                0x0000008c                __vector_7
                0x0000008c                __vector_5
                0x0000008c                __vector_4
                0x0000008c                __vector_9
                0x0000008c                __vector_2
                0x0000008c                __vector_21
                0x0000008c                __vector_15
                0x0000008c                __vector_8
                0x0000008c                __vector_14
                0x0000008c                __vector_10
                0x0000008c                __vector_16
                0x0000008c                __vector_18
                0x0000008c                __vector_20
 .text          0x00000090       0xb2 ControlParqueadero168.o
                0x00000090                initHardware
                0x0000009c                main
 .text          0x00000142      0x326 I2C.o
                0x000003f8                atenderInterrupcio
                0x00000142                I2C_Init
                0x00000196                I2C_EscribirBytes
                0x0000029a                I2C_LeerBytes
                0x00000162                I2C_Enviar
 .text          0x00000468        0x0 SDCard.o
 .text          0x00000468       0x4e SPI.o
                0x000004a2                SPI_Enviar
                0x000004ac                SPI_Recibir
                0x00000468                SPI_init
 .text          0x000004b6       0x9a USART.o
                0x00000510                USART0_Enviar
                0x000004f8                USART0_EnableRx
                0x000004ec                USART0_DisableTx
                0x000004e0                USART0_EnableTx
                0x000004b6                USART0_init
                0x00000520                USART0_Recibir
                0x00000504                USART0_DisableRx
                0x0000052e                USART0_EnviarStrLen
 .text          0x00000550        0x0 c:/winavr-20100110/bin/../lib/gcc/avr/4.3.3/avr5\libgcc.a(_exit.o)
 .text          0x00000550        0x0 c:/winavr-20100110/bin/../lib/gcc/avr/4.3.3/avr5\libgcc.a(_clear_bss.o)
                0x00000550                . = ALIGN (0x2)
 *(.text.*)
 .text.libgcc   0x00000550        0x0 c:/winavr-20100110/bin/../lib/gcc/avr/4.3.3/avr5\libgcc.a(_exit.o)
 .text.libgcc   0x00000550        0x0 c:/winavr-20100110/bin/../lib/gcc/avr/4.3.3/avr5\libgcc.a(_clear_bss.o)
                0x00000550                . = ALIGN (0x2)
 *(.fini9)
 .fini9         0x00000550        0x0 c:/winavr-20100110/bin/../lib/gcc/avr/4.3.3/avr5\libgcc.a(_exit.o)
                0x00000550                exit
                0x00000550                _exit
 *(.fini9)
 *(.fini8)
 *(.fini8)
 *(.fini7)
 *(.fini7)
 *(.fini6)
 *(.fini6)
 *(.fini5)
 *(.fini5)
 *(.fini4)
 *(.fini4)
 *(.fini3)
 *(.fini3)
 *(.fini2)
 *(.fini2)
 *(.fini1)
 *(.fini1)
 *(.fini0)
 .fini0         0x00000550        0x4 c:/winavr-20100110/bin/../lib/gcc/avr/4.3.3/avr5\libgcc.a(_exit.o)
 *(.fini0)
                0x00000554                _etext = .

.data           0x00800100        0x0 load address 0x00000554
                0x00800100                PROVIDE (__data_start, .)
 *(.data)
 .data          0x00800100        0x0 c:/winavr-20100110/bin/../lib/gcc/avr/4.3.3/../../../../avr/lib/avr5/crtm168.o
 .data          0x00800100        0x0 ControlParqueadero168.o
 .data          0x00800100        0x0 I2C.o
 .data          0x00800100        0x0 SDCard.o
 .data          0x00800100        0x0 SPI.o
 .data          0x00800100        0x0 USART.o
 .data          0x00800100        0x0 c:/winavr-20100110/bin/../lib/gcc/avr/4.3.3/avr5\libgcc.a(_exit.o)
 .data          0x00800100        0x0 c:/winavr-20100110/bin/../lib/gcc/avr/4.3.3/avr5\libgcc.a(_clear_bss.o)
 *(.data*)
 *(.rodata)
 *(.rodata*)
 *(.gnu.linkonce.d*)
                0x00800100                . = ALIGN (0x2)
                0x00800100                _edata = .
                0x00800100                PROVIDE (__data_end, .)

.bss            0x00800100        0x6
                0x00800100                PROVIDE (__bss_start, .)
 *(.bss)
 .bss           0x00800100        0x0 c:/winavr-20100110/bin/../lib/gcc/avr/4.3.3/../../../../avr/lib/avr5/crtm168.o
 .bss           0x00800100        0x0 ControlParqueadero168.o
 .bss           0x00800100        0x6 I2C.o
 .bss           0x00800106        0x0 SDCard.o
 .bss           0x00800106        0x0 SPI.o
 .bss           0x00800106        0x0 USART.o
 .bss           0x00800106        0x0 c:/winavr-20100110/bin/../lib/gcc/avr/4.3.3/avr5\libgcc.a(_exit.o)
 .bss           0x00800106        0x0 c:/winavr-20100110/bin/../lib/gcc/avr/4.3.3/avr5\libgcc.a(_clear_bss.o)
 *(.bss*)
 *(COMMON)
                0x00800106                PROVIDE (__bss_end, .)
                0x00000554                __data_load_start = LOADADDR (.data)
                0x00000554                __data_load_end = (__data_load_start + SIZEOF (.data))

.noinit         0x00800106        0x0
                0x00800106                PROVIDE (__noinit_start, .)
 *(.noinit*)
                0x00800106                PROVIDE (__noinit_end, .)
                0x00800106                _end = .
                0x00800106                PROVIDE (__heap_start, .)

.eeprom         0x00810000        0x0
 *(.eeprom*)
                0x00810000                __eeprom_end = .

.fuse
 *(.fuse)
 *(.lfuse)
 *(.hfuse)
 *(.efuse)

.lock
 *(.lock*)

.signature
 *(.signature*)

.stab
 *(.stab)

.stabstr
 *(.stabstr)

.stab.excl
 *(.stab.excl)

.stab.exclstr
 *(.stab.exclstr)

.stab.index
 *(.stab.index)

.stab.indexstr
 *(.stab.indexstr)

.comment
 *(.comment)

.debug
 *(.debug)

.line
 *(.line)

.debug_srcinfo
 *(.debug_srcinfo)

.debug_sfnames
 *(.debug_sfnames)

.debug_aranges  0x00000000       0x80
 *(.debug_aranges)
 .debug_aranges
                0x00000000       0x20 ControlParqueadero168.o
 .debug_aranges
                0x00000020       0x20 I2C.o
 .debug_aranges
                0x00000040       0x20 SPI.o
 .debug_aranges
                0x00000060       0x20 USART.o

.debug_pubnames
                0x00000000      0x188
 *(.debug_pubnames)
 .debug_pubnames
                0x00000000       0x2c ControlParqueadero168.o
 .debug_pubnames
                0x0000002c       0x6d I2C.o
 .debug_pubnames
                0x00000099       0x3e SPI.o
 .debug_pubnames
                0x000000d7       0xb1 USART.o

.debug_info     0x00000000      0x8ad
 *(.debug_info)
 .debug_info    0x00000000      0x1e4 ControlParqueadero168.o
 .debug_info    0x000001e4      0x44c I2C.o
 .debug_info    0x00000630       0x5e SDCard.o
 .debug_info    0x0000068e       0xba SPI.o
 .debug_info    0x00000748      0x165 USART.o
 *(.gnu.linkonce.wi.*)

.debug_abbrev   0x00000000      0x480
 *(.debug_abbrev)
 .debug_abbrev  0x00000000      0x106 ControlParqueadero168.o
 .debug_abbrev  0x00000106      0x1ef I2C.o
 .debug_abbrev  0x000002f5       0x2a SDCard.o
 .debug_abbrev  0x0000031f       0x87 SPI.o
 .debug_abbrev  0x000003a6       0xda USART.o

.debug_line     0x00000000      0x9a0
 *(.debug_line)
 .debug_line    0x00000000      0x1e7 ControlParqueadero168.o
 .debug_line    0x000001e7      0x485 I2C.o
 .debug_line    0x0000066c       0x3e SDCard.o
 .debug_line    0x000006aa      0x144 SPI.o
 .debug_line    0x000007ee      0x1b2 USART.o

.debug_frame    0x00000000      0x160
 *(.debug_frame)
 .debug_frame   0x00000000       0x30 ControlParqueadero168.o
 .debug_frame   0x00000030       0x60 I2C.o
 .debug_frame   0x00000090       0x40 SPI.o
 .debug_frame   0x000000d0       0x90 USART.o

.debug_str      0x00000000      0x307
 *(.debug_str)
 .debug_str     0x00000000      0x140 ControlParqueadero168.o
                                0x179 (size before relaxing)
 .debug_str     0x00000140       0xe8 I2C.o
                                0x21a (size before relaxing)
 .debug_str     0x00000228       0x15 SDCard.o
                                 0xe0 (size before relaxing)
 .debug_str     0x0000023d       0x37 SPI.o
                                0x10a (size before relaxing)
 .debug_str     0x00000274       0x93 USART.o
                                0x16b (size before relaxing)

.debug_loc      0x00000000      0x336
 *(.debug_loc)
 .debug_loc     0x00000000       0x80 ControlParqueadero168.o
 .debug_loc     0x00000080      0x248 I2C.o
 .debug_loc     0x000002c8       0x6e USART.o

.debug_macinfo
 *(.debug_macinfo)
OUTPUT(ControlParqueadero168.elf elf32-avr)
LOAD linker stubs

.debug_ranges   0x00000000       0x18
 .debug_ranges  0x00000000       0x18 USART.o
